<html>
<body>
<pre>
<h1>µVision Build Log</h1>
<h2>Project:</h2>
D:\DIY\keil_prj\stm32vldiscvery\RadX\RadX.uvproj
Project File Date:  05/01/2020

<h2>Output:</h2>
Build target 'RadX'
compiling main.c...
linking...
Program Size: Code=10338 RO-data=2154 RW-data=80 ZI-data=2496  
".\RadX.axf" - 0 Error(s), 0 Warning(s).
Load "D:\\DIY\\keil_prj\\stm32vldiscvery\\RadX\\RadX.axf" 
Erase Done.
Programming Done.
Verify OK.
ompiling stm32f10x_flash.c...
compiling stm32f10x_gpio.c...
compiling stm32f10x_pwr.c...
compiling stm32f10x_rcc.c...
compiling stm32f10x_rtc.c...
compiling stm32f10x_sdio.c...
compiling stm32f10x_spi.c...
compiling stm32f10x_tim.c...
compiling stm32f10x_usart.c...
compiling LCD_Nokia1202.c...
User\Src\LCD_Nokia1202.c(84): warning:  #186-D: pointless comparison of unsigned integer with zero
    if ((x < 0) || (x >= LCD_X) || (y < 0) || (y >= LCD_Y)) return;
User\Src\LCD_Nokia1202.c(84): warning:  #186-D: pointless comparison of unsigned integer with zero
    if ((x < 0) || (x >= LCD_X) || (y < 0) || (y >= LCD_Y)) return;
User\Src\LCD_Nokia1202.c: 2 warnings, 0 errors
compiling main.c...
compiling InitAll.c...
compiling Time.c...
linking...
.\RadX.axf: Error: L6200E: Symbol hour multiply defined (by time.o and main.o).
.\RadX.axf: Error: L6200E: Symbol min multiply defined (by time.o and main.o).
Not enough information to list image symbols.
Not enough information to list the image map.
Finished: 2 information, 0 warning and 2 error messages.
".\RadX.axf" - 2 Error(s), 2 Warning(s).
Target not created
ng(s).
Load "D:\\DIY\\keil_prj\\stm32vldiscvery\\RadX\\RadX.axf" 
Erase Done.
Programming Done.
Verify OK.
RW-data=76 ZI-data=2500  
".\RadX.axf" - 0 Error(s), 3 Warning(s).
Load "D:\\DIY\\keil_prj\\stm32vldiscvery\\RadX\\RadX.axf" 
Erase Done.
Programming Done.
Verify OK.
etCounter();
User\Src\main.c: 3 warnings, 0 errors
compiling InitAll.c...
compiling Time.c...
linking...
.\RadX.axf: Error: L6218E: Undefined symbol RTC_GetRTC_Counter (referred from main.o).
Not enough information to list image symbols.
Finished: 1 information, 0 warning and 1 error messages.
".\RadX.axf" - 1 Error(s), 5 Warning(s).
Target not created
