<html>
<body>
<pre>
<h1>µVision Build Log</h1>
<h2>Project:</h2>
D:\DIY\keil_prj\stm32vldiscvery\RadX\RadX.uvproj
Project File Date:  05/03/2020

<h2>Output:</h2>
Build target 'RadX'
compiling main.c...
compiling UI.c...
linking...
Program Size: Code=10842 RO-data=2154 RW-data=272 ZI-data=2496  
".\RadX.axf" - 0 Error(s), 0 Warning(s).
Load "D:\\DIY\\keil_prj\\stm32vldiscvery\\RadX\\RadX.axf" 
Erase Done.
Programming Done.
Verify OK.
son of unsigned integer with zero
    if ((x < 0) || (x >= LCD_X) || (y < 0) || (y >= LCD_Y)) return;
User\Src\LCD_Nokia1202.c: 2 warnings, 0 errors
compiling main.c...
compiling Time.c...
linking...
Program Size: Code=10842 RO-data=2154 RW-data=252 ZI-data=2500  
".\RadX.axf" - 0 Error(s), 2 Warning(s).
Load "D:\\DIY\\keil_prj\\stm32vldiscvery\\RadX\\RadX.axf" 
Erase Done.
Programming Done.
Verify OK.
